// Jest Snapshot v1, https://goo.gl/fbAQLP

exports[`Chart renders chart 1`] = `
<div
  style="height: 100%; width: 100%;"
>
  <div
    class="recharts-responsive-container"
    style="width: 100%; height: 100%; min-width: 0;"
  />
</div>
`;
